{
    "samples": [
        {
            "rollback": {
                "atSlot": 0,
                "blocksRolledBack": 16,
                "fromWeight": 3,
                "slotsRolledBack": 15,
                "toWeight": -8
            },
            "self": "Node-7",
            "tag": "Rolledback"
        },
        {
            "contents": [
                {
                    "∞íÖ\u0017\"Ta5Íºü": {}
                },
                [
                    [
                        [
                            {
                                "·®¶Z‡ß†#lv.ÛææÉX=\u001cVÔáó|\u001c§êí\u0010?FO\u001d": null
                            }
                        ],
                        [
                            {
                                "B>v&>>e%U{\u0013#yT\"?jÙåÄπ-}^Û∑ãò„∏´eE": false
                            }
                        ]
                    ]
                ],
                {
                    "\"4Û∑π≥Xp.|G¶§™Z": [
                        null,
                        true,
                        [
                            {
                                "[\nÛ∂°æ": []
                            }
                        ]
                    ],
                    "+%ELFKt# ": []
                },
                {
                    "·üô>0k\r#¨§ó\u0015P\u0003CÎãÜcÙèΩú\u001ftrW)\u001c(\u00167\"ÙÑ¥¥UkÛπøÖ": "¶é∫ÁØΩ\\j~¨öº*f\rñ§µp",
                    "Ùè•∏MR+\r0\u0002]N+´ìñÛøØæ\u001bÆ¢∫£äå¢≥Æêæª\u001dg?C\u0013OËëÆ": [
                        {
                            "\u0000Kf.H33YQ=V\u0004\u001fraﬂΩ!Ï≠é\u000f>2G°∂ª,¢áÆÛºè¥\u0005q>\u0017": {}
                        }
                    ]
                },
                [
                    [
                        true
                    ],
                    true,
                    {
                        "X|©öÑ\u001cphLÙçáú\u001a/j]‡∂¨r76": null
                    }
                ]
            ],
            "tag": "Trace"
        },
        {
            "rollback": {
                "atSlot": 30,
                "blocksRolledBack": 20,
                "fromWeight": -22,
                "slotsRolledBack": 26,
                "toWeight": 23
            },
            "self": "Node-3",
            "tag": "Rolledback"
        },
        {
            "from": "Node-7",
            "payload": {
                "contents": {
                    "blockHash": "e24b6332d3a3d549",
                    "payload": [
                        [],
                        [],
                        [],
                        [],
                        [],
                        [],
                        [],
                        [],
                        [],
                        [],
                        [],
                        [],
                        [],
                        [],
                        [],
                        [],
                        [],
                        [],
                        [],
                        [],
                        [],
                        [],
                        [],
                        [],
                        []
                    ]
                },
                "tag": "SomeBlock"
            },
            "rxBytes": 2,
            "tag": "Receive",
            "timestamp": "1864-04-25T00:21:05.195982739735Z",
            "to": "Node-0",
            "uuid": "7808decb6982656d"
        },
        {
            "contents": [
                [
                    1900000000000000000
                ],
                -0.17,
                [
                    {
                        "\n£ïç/wÛµõ∂pbÛµÜÜSx-\u0014Û∫¢∂AP‰∞ö :Ùçèì2óÄÑ\u0011": {
                            "\u000ev\u0013\u00168cnT4j~‰±Ü[Û∑ñ©#)Dg®π¢\u0002\u0014)": false,
                            "\"\u001e´öñ\u0019": false
                        },
                        "j\u0010kL%hW\u0010ÙÜüΩ£ãÅ\\\u0001AÛ∞É¶mÛ∏°ö\u0007\u0003\u0015Ûø•°": null
                    }
                ],
                {
                    "u\u001eÛªª™„ñØCN!_\u001cd\u0001Ûµàâ&ÙÑ¶£\u0015@Û∫éàZÛΩïÑ2K=,": [
                        [
                            null,
                            "\u001fqO®ìÆqQÙã•©±´≠OóÜÅ\u0004Û∫†Ä^Q\u0019§úìr++hÙÇÑ∫TR\u00085])7",
                            [
                                []
                            ]
                        ]
                    ],
                    "|PÙÑ∫æv6°¶¥\u0010M1\u0005": []
                },
                [
                    null,
                    {},
                    [
                        [
                            1.0e-22
                        ]
                    ]
                ],
                {
                    "!\u0007\u0019s°°ΩÛæª¨_Ùãñ§": 3000000000,
                    "Û∂é¥Û∞ç≥Ûª•Æ\u0017SÙÅáùÛ≥≤ØuY2q\\^ÏÅª§™ôÙã∂™n°èßxbÙÉÆ∂HÂÖÅ°¥©\u0012\u001b": [
                        [],
                        []
                    ]
                },
                false
            ],
            "tag": "Trace"
        }
    ],
    "seed": 672201146
}