{
    "samples": [
        {
            "tag": "Idle"
        },
        {
            "destination": "Node-25",
            "outBytes": 16,
            "outId": "7f38db5a0557b011",
            "outMessage": {
                "contents": {
                    "bodyHash": "aa27956f65cddb20",
                    "certificate": null,
                    "creatorId": 27,
                    "leadershipProof": "493ec9b023a17b42",
                    "parentBlock": "9852627102896c3a",
                    "signature": "6271eddedc988cec",
                    "slotNumber": 6
                },
                "tag": "RollBack"
            },
            "outTime": "1864-05-31T18:17:32.476577553781Z",
            "source": "Node-19",
            "tag": "OutEnvelope"
        },
        {
            "tag": "Idle"
        },
        {
            "tag": "Idle"
        },
        {
            "destination": "Node-15",
            "outBytes": 14,
            "outId": "08d557e98b4a9f38",
            "outMessage": {
                "contents": {
                    "blockRef": "2dfacddf427ebd94",
                    "round": 19
                },
                "tag": "SomeCertificate"
            },
            "outTime": "1864-04-10T23:58:04.11060789469Z",
            "source": "Node-10",
            "tag": "OutEnvelope"
        }
    ],
    "seed": 819208099
}