{
    "samples": [
        {
            "connections": {
                "Node-1": [
                    "Node-0",
                    "Node-10",
                    "Node-11",
                    "Node-12",
                    "Node-13",
                    "Node-14",
                    "Node-16",
                    "Node-17",
                    "Node-19",
                    "Node-2",
                    "Node-22",
                    "Node-23",
                    "Node-24",
                    "Node-26",
                    "Node-27",
                    "Node-29",
                    "Node-3",
                    "Node-30",
                    "Node-4",
                    "Node-7",
                    "Node-9"
                ],
                "Node-10": [
                    "Node-0",
                    "Node-1",
                    "Node-10",
                    "Node-11",
                    "Node-13",
                    "Node-14",
                    "Node-16",
                    "Node-17",
                    "Node-18",
                    "Node-19",
                    "Node-20",
                    "Node-22",
                    "Node-24",
                    "Node-27",
                    "Node-29",
                    "Node-3",
                    "Node-5",
                    "Node-6",
                    "Node-8"
                ],
                "Node-11": [
                    "Node-13",
                    "Node-17",
                    "Node-3",
                    "Node-5",
                    "Node-6"
                ],
                "Node-12": [
                    "Node-0",
                    "Node-12",
                    "Node-13",
                    "Node-14",
                    "Node-16",
                    "Node-17",
                    "Node-18",
                    "Node-20",
                    "Node-21",
                    "Node-22",
                    "Node-28",
                    "Node-7"
                ],
                "Node-13": [
                    "Node-13",
                    "Node-20",
                    "Node-22",
                    "Node-28",
                    "Node-6"
                ],
                "Node-15": [
                    "Node-1"
                ],
                "Node-16": [
                    "Node-11",
                    "Node-2",
                    "Node-20",
                    "Node-23",
                    "Node-26",
                    "Node-6",
                    "Node-7"
                ],
                "Node-18": [
                    "Node-0",
                    "Node-12",
                    "Node-13",
                    "Node-14",
                    "Node-17",
                    "Node-21",
                    "Node-22",
                    "Node-26",
                    "Node-28",
                    "Node-4",
                    "Node-8"
                ],
                "Node-2": [
                    "Node-1",
                    "Node-14",
                    "Node-16",
                    "Node-19",
                    "Node-2",
                    "Node-21",
                    "Node-22",
                    "Node-23",
                    "Node-24",
                    "Node-27",
                    "Node-28",
                    "Node-29",
                    "Node-3",
                    "Node-30",
                    "Node-5",
                    "Node-6",
                    "Node-8"
                ],
                "Node-20": [
                    "Node-0",
                    "Node-11",
                    "Node-14",
                    "Node-18",
                    "Node-20",
                    "Node-21",
                    "Node-23",
                    "Node-29",
                    "Node-3",
                    "Node-30"
                ],
                "Node-21": [
                    "Node-0",
                    "Node-1",
                    "Node-11",
                    "Node-12",
                    "Node-13",
                    "Node-14",
                    "Node-15",
                    "Node-16",
                    "Node-17",
                    "Node-18",
                    "Node-2",
                    "Node-22",
                    "Node-23",
                    "Node-24",
                    "Node-25",
                    "Node-28",
                    "Node-29",
                    "Node-3",
                    "Node-4",
                    "Node-7",
                    "Node-8",
                    "Node-9"
                ],
                "Node-26": [
                    "Node-0",
                    "Node-10",
                    "Node-11",
                    "Node-13",
                    "Node-15",
                    "Node-18",
                    "Node-19",
                    "Node-20",
                    "Node-21",
                    "Node-24",
                    "Node-25",
                    "Node-26",
                    "Node-27",
                    "Node-7"
                ],
                "Node-27": [
                    "Node-15",
                    "Node-26",
                    "Node-27",
                    "Node-4",
                    "Node-5",
                    "Node-6",
                    "Node-7"
                ],
                "Node-28": [
                    "Node-0",
                    "Node-1",
                    "Node-10",
                    "Node-11",
                    "Node-12",
                    "Node-13",
                    "Node-14",
                    "Node-15",
                    "Node-18",
                    "Node-2",
                    "Node-20",
                    "Node-22",
                    "Node-23",
                    "Node-24",
                    "Node-26",
                    "Node-28",
                    "Node-29",
                    "Node-30",
                    "Node-4",
                    "Node-5",
                    "Node-6",
                    "Node-9"
                ],
                "Node-29": [
                    "Node-0",
                    "Node-1",
                    "Node-10",
                    "Node-12",
                    "Node-13",
                    "Node-16",
                    "Node-18",
                    "Node-2",
                    "Node-20",
                    "Node-23",
                    "Node-24",
                    "Node-25",
                    "Node-28",
                    "Node-29",
                    "Node-30",
                    "Node-8",
                    "Node-9"
                ],
                "Node-3": [
                    "Node-0",
                    "Node-16",
                    "Node-20",
                    "Node-3"
                ],
                "Node-30": [
                    "Node-12",
                    "Node-15",
                    "Node-20",
                    "Node-24",
                    "Node-29",
                    "Node-4",
                    "Node-9"
                ],
                "Node-4": [
                    "Node-16"
                ],
                "Node-5": [
                    "Node-12",
                    "Node-20",
                    "Node-23",
                    "Node-25"
                ],
                "Node-9": [
                    "Node-13",
                    "Node-14",
                    "Node-16",
                    "Node-28",
                    "Node-8"
                ]
            }
        },
        {
            "connections": {
                "Node-11": [
                    "Node-14",
                    "Node-25",
                    "Node-7"
                ],
                "Node-17": [
                    "Node-0",
                    "Node-1",
                    "Node-10",
                    "Node-15",
                    "Node-21",
                    "Node-24",
                    "Node-27",
                    "Node-28",
                    "Node-30"
                ],
                "Node-19": [
                    "Node-0",
                    "Node-1",
                    "Node-11",
                    "Node-12",
                    "Node-15",
                    "Node-17",
                    "Node-2",
                    "Node-20",
                    "Node-23",
                    "Node-24",
                    "Node-25",
                    "Node-26",
                    "Node-28",
                    "Node-3",
                    "Node-30",
                    "Node-4",
                    "Node-5",
                    "Node-8"
                ],
                "Node-21": [
                    "Node-1",
                    "Node-10",
                    "Node-11",
                    "Node-12",
                    "Node-16",
                    "Node-18",
                    "Node-19",
                    "Node-2",
                    "Node-22",
                    "Node-25",
                    "Node-26",
                    "Node-28",
                    "Node-3",
                    "Node-4",
                    "Node-6",
                    "Node-8",
                    "Node-9"
                ],
                "Node-24": [
                    "Node-15",
                    "Node-18",
                    "Node-25"
                ],
                "Node-25": [
                    "Node-11",
                    "Node-13",
                    "Node-14",
                    "Node-16",
                    "Node-2",
                    "Node-22",
                    "Node-23",
                    "Node-24",
                    "Node-26",
                    "Node-27",
                    "Node-29",
                    "Node-3",
                    "Node-4",
                    "Node-5",
                    "Node-6",
                    "Node-7",
                    "Node-8"
                ],
                "Node-27": [
                    "Node-1",
                    "Node-11",
                    "Node-14",
                    "Node-15",
                    "Node-16",
                    "Node-17",
                    "Node-18",
                    "Node-19",
                    "Node-21",
                    "Node-22",
                    "Node-24",
                    "Node-25",
                    "Node-26",
                    "Node-27",
                    "Node-28",
                    "Node-4",
                    "Node-6",
                    "Node-7"
                ],
                "Node-28": [
                    "Node-10",
                    "Node-12",
                    "Node-14",
                    "Node-15",
                    "Node-16",
                    "Node-17",
                    "Node-18",
                    "Node-21",
                    "Node-22",
                    "Node-23",
                    "Node-24",
                    "Node-27",
                    "Node-28",
                    "Node-29",
                    "Node-3",
                    "Node-30",
                    "Node-7",
                    "Node-8"
                ],
                "Node-29": [
                    "Node-1",
                    "Node-13",
                    "Node-15",
                    "Node-2",
                    "Node-20",
                    "Node-21",
                    "Node-25",
                    "Node-26",
                    "Node-3",
                    "Node-4",
                    "Node-5"
                ]
            }
        },
        {
            "connections": {
                "Node-0": [
                    "Node-0",
                    "Node-10",
                    "Node-15",
                    "Node-19",
                    "Node-26",
                    "Node-9"
                ],
                "Node-1": [
                    "Node-0",
                    "Node-1",
                    "Node-10",
                    "Node-11",
                    "Node-12",
                    "Node-14",
                    "Node-16",
                    "Node-19",
                    "Node-22",
                    "Node-23",
                    "Node-26",
                    "Node-27",
                    "Node-28",
                    "Node-4",
                    "Node-5",
                    "Node-9"
                ],
                "Node-14": [
                    "Node-1",
                    "Node-16",
                    "Node-18",
                    "Node-2",
                    "Node-21",
                    "Node-22",
                    "Node-25",
                    "Node-27",
                    "Node-28",
                    "Node-4"
                ],
                "Node-15": [
                    "Node-0",
                    "Node-10",
                    "Node-14",
                    "Node-16",
                    "Node-19",
                    "Node-21",
                    "Node-23",
                    "Node-30",
                    "Node-4",
                    "Node-6",
                    "Node-8"
                ],
                "Node-16": [
                    "Node-1",
                    "Node-10",
                    "Node-19",
                    "Node-2",
                    "Node-21",
                    "Node-22",
                    "Node-23",
                    "Node-28",
                    "Node-29",
                    "Node-3",
                    "Node-4",
                    "Node-6"
                ],
                "Node-17": [
                    "Node-0",
                    "Node-1",
                    "Node-10",
                    "Node-12",
                    "Node-13",
                    "Node-21",
                    "Node-24",
                    "Node-26",
                    "Node-28",
                    "Node-3",
                    "Node-6"
                ],
                "Node-19": [
                    "Node-1",
                    "Node-10",
                    "Node-17",
                    "Node-19",
                    "Node-2",
                    "Node-20",
                    "Node-21",
                    "Node-28",
                    "Node-5",
                    "Node-6"
                ],
                "Node-2": [
                    "Node-10",
                    "Node-11",
                    "Node-12",
                    "Node-13",
                    "Node-18",
                    "Node-2",
                    "Node-20",
                    "Node-24",
                    "Node-25",
                    "Node-27",
                    "Node-28",
                    "Node-29",
                    "Node-30",
                    "Node-7",
                    "Node-8",
                    "Node-9"
                ],
                "Node-22": [
                    "Node-11",
                    "Node-13",
                    "Node-14",
                    "Node-15",
                    "Node-20",
                    "Node-21",
                    "Node-22",
                    "Node-28",
                    "Node-6",
                    "Node-8",
                    "Node-9"
                ],
                "Node-23": [
                    "Node-0",
                    "Node-1",
                    "Node-10",
                    "Node-11",
                    "Node-12",
                    "Node-13",
                    "Node-14",
                    "Node-15",
                    "Node-17",
                    "Node-2",
                    "Node-20",
                    "Node-22",
                    "Node-23",
                    "Node-25",
                    "Node-26",
                    "Node-29",
                    "Node-3",
                    "Node-8",
                    "Node-9"
                ],
                "Node-29": [
                    "Node-0",
                    "Node-11",
                    "Node-14",
                    "Node-15",
                    "Node-16",
                    "Node-17",
                    "Node-19",
                    "Node-21",
                    "Node-26",
                    "Node-3",
                    "Node-4",
                    "Node-6"
                ],
                "Node-3": [
                    "Node-10",
                    "Node-11",
                    "Node-12",
                    "Node-13",
                    "Node-17",
                    "Node-19",
                    "Node-2",
                    "Node-22",
                    "Node-23",
                    "Node-24",
                    "Node-28",
                    "Node-29",
                    "Node-30",
                    "Node-8"
                ],
                "Node-30": [
                    "Node-1",
                    "Node-12",
                    "Node-16",
                    "Node-17",
                    "Node-18",
                    "Node-23",
                    "Node-28",
                    "Node-30"
                ],
                "Node-7": [
                    "Node-1",
                    "Node-10",
                    "Node-12",
                    "Node-13",
                    "Node-14",
                    "Node-15",
                    "Node-17",
                    "Node-18",
                    "Node-21",
                    "Node-23",
                    "Node-24",
                    "Node-25",
                    "Node-26",
                    "Node-29",
                    "Node-3",
                    "Node-30",
                    "Node-5",
                    "Node-6",
                    "Node-7"
                ],
                "Node-9": [
                    "Node-1",
                    "Node-11",
                    "Node-13",
                    "Node-14",
                    "Node-17",
                    "Node-18",
                    "Node-2",
                    "Node-20",
                    "Node-24",
                    "Node-25",
                    "Node-27",
                    "Node-29",
                    "Node-3",
                    "Node-30",
                    "Node-5",
                    "Node-7",
                    "Node-8",
                    "Node-9"
                ]
            }
        },
        {
            "connections": {
                "Node-10": [
                    "Node-0",
                    "Node-10",
                    "Node-13",
                    "Node-15",
                    "Node-20",
                    "Node-21",
                    "Node-25",
                    "Node-26",
                    "Node-3",
                    "Node-30",
                    "Node-4"
                ],
                "Node-18": [
                    "Node-10",
                    "Node-14",
                    "Node-15",
                    "Node-2",
                    "Node-20",
                    "Node-26",
                    "Node-27",
                    "Node-3",
                    "Node-30",
                    "Node-5",
                    "Node-8",
                    "Node-9"
                ],
                "Node-25": [
                    "Node-0",
                    "Node-10",
                    "Node-11",
                    "Node-15",
                    "Node-17",
                    "Node-18",
                    "Node-2",
                    "Node-20",
                    "Node-21",
                    "Node-22",
                    "Node-23",
                    "Node-24",
                    "Node-27",
                    "Node-28",
                    "Node-3",
                    "Node-4",
                    "Node-8",
                    "Node-9"
                ],
                "Node-26": [
                    "Node-0",
                    "Node-1",
                    "Node-12",
                    "Node-14",
                    "Node-15",
                    "Node-16",
                    "Node-18",
                    "Node-19",
                    "Node-30",
                    "Node-4",
                    "Node-6",
                    "Node-8"
                ],
                "Node-5": [
                    "Node-10",
                    "Node-11",
                    "Node-27",
                    "Node-5",
                    "Node-7"
                ],
                "Node-6": [
                    "Node-1",
                    "Node-12",
                    "Node-13",
                    "Node-14",
                    "Node-15",
                    "Node-18",
                    "Node-20",
                    "Node-22",
                    "Node-23",
                    "Node-30",
                    "Node-5",
                    "Node-7",
                    "Node-8",
                    "Node-9"
                ],
                "Node-8": [
                    "Node-1",
                    "Node-12",
                    "Node-13",
                    "Node-14",
                    "Node-19",
                    "Node-20",
                    "Node-24",
                    "Node-30",
                    "Node-5",
                    "Node-6",
                    "Node-8"
                ]
            }
        },
        {
            "connections": {
                "Node-0": [
                    "Node-10",
                    "Node-11",
                    "Node-12",
                    "Node-13",
                    "Node-26",
                    "Node-28",
                    "Node-5"
                ],
                "Node-10": [
                    "Node-0",
                    "Node-1",
                    "Node-11",
                    "Node-12",
                    "Node-13",
                    "Node-16",
                    "Node-17",
                    "Node-21",
                    "Node-22",
                    "Node-25",
                    "Node-28",
                    "Node-29",
                    "Node-3",
                    "Node-6"
                ],
                "Node-19": [
                    "Node-10",
                    "Node-12",
                    "Node-15",
                    "Node-19",
                    "Node-2",
                    "Node-21",
                    "Node-24",
                    "Node-29",
                    "Node-30",
                    "Node-6",
                    "Node-7",
                    "Node-9"
                ],
                "Node-20": [
                    "Node-1",
                    "Node-13",
                    "Node-14",
                    "Node-24",
                    "Node-26",
                    "Node-27",
                    "Node-4",
                    "Node-8"
                ],
                "Node-21": [],
                "Node-23": [
                    "Node-1",
                    "Node-10",
                    "Node-13",
                    "Node-14",
                    "Node-16",
                    "Node-17",
                    "Node-18",
                    "Node-19",
                    "Node-20",
                    "Node-22",
                    "Node-24",
                    "Node-25",
                    "Node-28",
                    "Node-29",
                    "Node-3",
                    "Node-30",
                    "Node-5",
                    "Node-6",
                    "Node-8",
                    "Node-9"
                ],
                "Node-25": [
                    "Node-0",
                    "Node-11",
                    "Node-12",
                    "Node-14",
                    "Node-15",
                    "Node-16",
                    "Node-17",
                    "Node-2",
                    "Node-21",
                    "Node-22",
                    "Node-24",
                    "Node-26",
                    "Node-27",
                    "Node-29",
                    "Node-3",
                    "Node-30",
                    "Node-5",
                    "Node-8"
                ],
                "Node-26": [
                    "Node-14",
                    "Node-15",
                    "Node-16",
                    "Node-2"
                ],
                "Node-27": [
                    "Node-0",
                    "Node-1",
                    "Node-11",
                    "Node-13",
                    "Node-14",
                    "Node-15",
                    "Node-16",
                    "Node-19",
                    "Node-2",
                    "Node-20",
                    "Node-21",
                    "Node-22",
                    "Node-25",
                    "Node-3",
                    "Node-30",
                    "Node-5",
                    "Node-6",
                    "Node-7",
                    "Node-9"
                ],
                "Node-28": [],
                "Node-3": [
                    "Node-0",
                    "Node-1",
                    "Node-10",
                    "Node-11",
                    "Node-12",
                    "Node-13",
                    "Node-15",
                    "Node-18",
                    "Node-19",
                    "Node-21",
                    "Node-22",
                    "Node-23",
                    "Node-24",
                    "Node-26",
                    "Node-29",
                    "Node-30",
                    "Node-4",
                    "Node-5",
                    "Node-6",
                    "Node-9"
                ],
                "Node-6": [
                    "Node-15",
                    "Node-16",
                    "Node-2",
                    "Node-20",
                    "Node-23",
                    "Node-26",
                    "Node-28",
                    "Node-29",
                    "Node-3",
                    "Node-30",
                    "Node-4",
                    "Node-5",
                    "Node-6",
                    "Node-7",
                    "Node-8",
                    "Node-9"
                ],
                "Node-8": [
                    "Node-0",
                    "Node-10",
                    "Node-14",
                    "Node-16",
                    "Node-17",
                    "Node-20",
                    "Node-21",
                    "Node-23",
                    "Node-25",
                    "Node-28",
                    "Node-29",
                    "Node-3",
                    "Node-5",
                    "Node-6",
                    "Node-8",
                    "Node-9"
                ],
                "Node-9": [
                    "Node-0",
                    "Node-1",
                    "Node-11",
                    "Node-15",
                    "Node-17",
                    "Node-19",
                    "Node-20",
                    "Node-27",
                    "Node-28",
                    "Node-30",
                    "Node-6"
                ]
            }
        }
    ],
    "seed": -167567866
}