{
    "samples": [
        {
            "from": "Node-27",
            "payload": {
                "contents": {
                    "bodyHash": "cfff9ad5502ee5f1",
                    "certificate": {
                        "votingRoundNumber": 8
                    },
                    "creatorId": 26,
                    "leadershipProof": "0119e4187c01c9ae",
                    "parentBlock": "2fb56a55e2df44df",
                    "signature": "a417d265d2190b29",
                    "slotNumber": 10
                },
                "tag": "RollBack"
            },
            "tag": "Receive",
            "timestamp": "1864-05-04T20:10:44.385497960407Z",
            "to": "Node-16",
            "uuid": "076cd81cb094d176"
        },
        {
            "from": "Node-8",
            "payload": {
                "contents": [
                    "d85a7e265cdd83d9",
                    "e0bbcfe87c03f3f1",
                    "39e70233e424fb13",
                    "af3e003959d82614",
                    "df5714f6200e66d8",
                    "c0600e2290231280",
                    "405ed7657d95ac1b",
                    "94af341c1af7908b",
                    "649227a90297c4c6",
                    "2d4b8aea7b36c1b8",
                    "9af2c9308ac14bf9",
                    "00f568fafc6e04b4"
                ],
                "tag": "FetchBlocks"
            },
            "tag": "Receive",
            "timestamp": "1864-04-27T11:30:41.892390024586Z",
            "to": "Node-4",
            "uuid": "041b6eac0fdaf541"
        },
        {
            "from": "Node-13",
            "payload": {
                "contents": 17,
                "tag": "NextSlot"
            },
            "tag": "Receive",
            "timestamp": "1864-06-02T14:02:29.625156990827Z",
            "to": "Node-20",
            "uuid": "03f0b560972dfe5e"
        },
        {
            "contents": {
                "OÛ≥ÉÉS™üçgSóæ¥\u0010'V\u0007\u0004(?•ö†r0D‚∫É\u001b": [],
                "T,\u0015Yùì•`<i\u0012b\u0003Óûê1G\u0000©èÉ,n\u0000™∫èv\u0002Ùáµü": true,
                "k;5f<¢£µ5\\\u0013L\u000fh_y1\u000fÊ¨É\u0006TH2g": true,
                "ÙÄ∂ü•ûî\u0006Bñ¢ÜFfîòº†∫Ü\n\u0013": {
                    "4\u000bPv\u0010UU®≥é\rvU±ñë\u0005\u0004=": [
                        [
                            2.9e-5,
                            {
                                ":<\u0011#(Û∫Üé(Ùèá≥ß≤åÁÑ∑H£á§1\u0012EMíéïgM\u0015[Û¥£ö•§∑": null
                            },
                            {
                                "C95/e|‘ø\u0010KÙåûá\u0005\u0015DÛªáü\u0019\tó≥´": {}
                            },
                            {
                                "\u001f\u0013$¢Ç£\u0019™ªãt°±É¨Æ∫\u000bÍÄß´Ωö\u0000++Ac\u001e\u001d£íÆ\u001f9Ûæ≥≥\\AÙç¶êÛ∫ô¨ÙàìåÛµ•ßJ": true
                            },
                            {
                                "l\u001c\u000e\u0019t∞ëúQ\u0016": 4.0e27
                            }
                        ]
                    ],
                    "RÛΩ™°-Ûπ¥å]0\u001fV*OufY±∫ßb8\u0006GoDÛµÅ±w9Ckb,p\u001a\u0008": -8.0e24,
                    "ÎæÜÏã∞L'gb|\r:": [
                        "/îî°jPKÙàßó(uPz%N(|0]™ÇôW?Â∑∏†¥ê<+CÙáª§\u001c0H",
                        null,
                        8.0e24,
                        [
                            {
                                "z\u0011o~|\u0013AJR§¥™Û±©π\n¨°ºDó∂Ñ≠Øô": {
                                    "": [
                                        null
                                    ],
                                    "\u0013\n.uu‰ª™=mÔô™?N\u00008PECC\"5G\u0017": {},
                                    "Ub‰∂ª6}Ùåè∞Ùáöï·ì∑Qbc{±≥Üe'°∫¥ÍÑç*Ûª≥Ø\u0008L-(:¨¨ò_\u0001vPM": []
                                },
                                "ÛªΩõ\t \u0007©ô¨ÙÄüó¶ß†<zo±ì°±∏∑©¶†r\u001cÙÅ±∏Û∫°ô$\u0014\u000c\u000bk¢èñ\u0008": []
                            }
                        ]
                    ],
                    "Û≤¨õ\u0013±°Ω¨ôïÔ∫π[s`d\r(oG}V": null
                }
            },
            "tag": "Trace"
        },
        {
            "from": "Node-6",
            "payload": {
                "contents": 21,
                "tag": "NextSlot"
            },
            "tag": "Receive",
            "timestamp": "1864-04-16T03:23:30.346289088094Z",
            "to": "Node-5",
            "uuid": "acc141431f419134"
        }
    ],
    "seed": 672201146
}